// Jest Snapshot v1, https://goo.gl/fbAQLP

exports[`Should match the snapshot 1`] = `
ShallowWrapper {
  "length": 1,
  Symbol(enzyme.__root__): [Circular],
  Symbol(enzyme.__unrendered__): <Unknown />,
  Symbol(enzyme.__renderer__): Object {
    "batchedUpdates": [Function],
    "getNode": [Function],
    "render": [Function],
    "simulateEvent": [Function],
    "unmount": [Function],
  },
  Symbol(enzyme.__node__): Object {
    "instance": null,
    "key": undefined,
    "nodeType": "host",
    "props": Object {
      "children": Array [
        <section
          className="inner"
>
          <h2>
                    Find it. Finally.
          </h2>
          <NavLink
                    activeClassName="active"
                    ariaCurrent="true"
                    to="/location"
          >
                    <button>
                              Restaurant Match
                    </button>
          </NavLink>
</section>,
        <Route
          component={[Function]}
          exact={true}
          path="/location"
/>,
      ],
      "className": "hero-container",
    },
    "ref": null,
    "rendered": Array [
      Object {
        "instance": null,
        "key": undefined,
        "nodeType": "host",
        "props": Object {
          "children": Array [
            <h2>
              Find it. Finally.
</h2>,
            <NavLink
              activeClassName="active"
              ariaCurrent="true"
              to="/location"
>
              <button>
                            Restaurant Match
              </button>
</NavLink>,
          ],
          "className": "inner",
        },
        "ref": null,
        "rendered": Array [
          Object {
            "instance": null,
            "key": undefined,
            "nodeType": "host",
            "props": Object {
              "children": "Find it. Finally.",
            },
            "ref": null,
            "rendered": "Find it. Finally.",
            "type": "h2",
          },
          Object {
            "instance": null,
            "key": undefined,
            "nodeType": "function",
            "props": Object {
              "activeClassName": "active",
              "ariaCurrent": "true",
              "children": <button>
                Restaurant Match
</button>,
              "to": "/location",
            },
            "ref": null,
            "rendered": Object {
              "instance": null,
              "key": undefined,
              "nodeType": "host",
              "props": Object {
                "children": "Restaurant Match",
              },
              "ref": null,
              "rendered": "Restaurant Match",
              "type": "button",
            },
            "type": [Function],
          },
        ],
        "type": "section",
      },
      Object {
        "instance": null,
        "key": undefined,
        "nodeType": "class",
        "props": Object {
          "component": [Function],
          "exact": true,
          "path": "/location",
        },
        "ref": null,
        "rendered": null,
        "type": [Function],
      },
    ],
    "type": "section",
  },
  Symbol(enzyme.__nodes__): Array [
    Object {
      "instance": null,
      "key": undefined,
      "nodeType": "host",
      "props": Object {
        "children": Array [
          <section
            className="inner"
>
            <h2>
                        Find it. Finally.
            </h2>
            <NavLink
                        activeClassName="active"
                        ariaCurrent="true"
                        to="/location"
            >
                        <button>
                                    Restaurant Match
                        </button>
            </NavLink>
</section>,
          <Route
            component={[Function]}
            exact={true}
            path="/location"
/>,
        ],
        "className": "hero-container",
      },
      "ref": null,
      "rendered": Array [
        Object {
          "instance": null,
          "key": undefined,
          "nodeType": "host",
          "props": Object {
            "children": Array [
              <h2>
                Find it. Finally.
</h2>,
              <NavLink
                activeClassName="active"
                ariaCurrent="true"
                to="/location"
>
                <button>
                                Restaurant Match
                </button>
</NavLink>,
            ],
            "className": "inner",
          },
          "ref": null,
          "rendered": Array [
            Object {
              "instance": null,
              "key": undefined,
              "nodeType": "host",
              "props": Object {
                "children": "Find it. Finally.",
              },
              "ref": null,
              "rendered": "Find it. Finally.",
              "type": "h2",
            },
            Object {
              "instance": null,
              "key": undefined,
              "nodeType": "function",
              "props": Object {
                "activeClassName": "active",
                "ariaCurrent": "true",
                "children": <button>
                  Restaurant Match
</button>,
                "to": "/location",
              },
              "ref": null,
              "rendered": Object {
                "instance": null,
                "key": undefined,
                "nodeType": "host",
                "props": Object {
                  "children": "Restaurant Match",
                },
                "ref": null,
                "rendered": "Restaurant Match",
                "type": "button",
              },
              "type": [Function],
            },
          ],
          "type": "section",
        },
        Object {
          "instance": null,
          "key": undefined,
          "nodeType": "class",
          "props": Object {
            "component": [Function],
            "exact": true,
            "path": "/location",
          },
          "ref": null,
          "rendered": null,
          "type": [Function],
        },
      ],
      "type": "section",
    },
  ],
  Symbol(enzyme.__options__): Object {
    "adapter": ReactSixteenAdapter {
      "options": Object {
        "enableComponentDidUpdateOnSetState": true,
      },
    },
  },
}
`;
