// Jest Snapshot v1, https://goo.gl/fbAQLP

exports[`Should match the snapshot 1`] = `
ShallowWrapper {
  "length": 1,
  Symbol(enzyme.__root__): [Circular],
  Symbol(enzyme.__unrendered__): <Home />,
  Symbol(enzyme.__renderer__): Object {
    "batchedUpdates": [Function],
    "getNode": [Function],
    "render": [Function],
    "simulateEvent": [Function],
    "unmount": [Function],
  },
  Symbol(enzyme.__node__): Object {
    "instance": null,
    "key": undefined,
    "nodeType": "host",
    "props": Object {
      "children": Array [
        <withRouter() />,
        <h2
          className="discover-tagline"
>
          When nothing sounds good, let us help you find your perfect meal.
</h2>,
        <section
          className="discover-info"
>
          <section
                    className="infographics d-flex"
          >
                    <div
                              className="icon-container"
                    >
                              <img
                                        alt="Location"
                                        src="hungry.png"
                              />
                              <p>
                                        Hungry but you can't put your finger on what you want?
                              </p>
                    </div>
                    <div
                              className="icon-container"
                    >
                              <img
                                        alt="Location"
                                        src="map.png"
                              />
                              <p>
                                        Sort the restaurants in your area by process of elimination.
                              </p>
                    </div>
                    <div
                              className="icon-container"
                    >
                              <img
                                        alt="Location"
                                        src="food-drink.png"
                              />
                              <p>
                                        Discover what you been craving.
                              </p>
                    </div>
                    <div
                              className="icon-container"
                    >
                              <img
                                        alt="Location"
                                        src="smiley.png"
                              />
                              <p>
                                        Come back next time you're hungry!
                              </p>
                    </div>
          </section>
</section>,
      ],
    },
    "ref": null,
    "rendered": Array [
      Object {
        "instance": null,
        "key": undefined,
        "nodeType": "function",
        "props": Object {},
        "ref": null,
        "rendered": null,
        "type": [Function],
      },
      Object {
        "instance": null,
        "key": undefined,
        "nodeType": "host",
        "props": Object {
          "children": "When nothing sounds good, let us help you find your perfect meal.",
          "className": "discover-tagline",
        },
        "ref": null,
        "rendered": "When nothing sounds good, let us help you find your perfect meal.",
        "type": "h2",
      },
      Object {
        "instance": null,
        "key": undefined,
        "nodeType": "host",
        "props": Object {
          "children": <section
            className="infographics d-flex"
>
            <div
                        className="icon-container"
            >
                        <img
                                    alt="Location"
                                    src="hungry.png"
                        />
                        <p>
                                    Hungry but you can't put your finger on what you want?
                        </p>
            </div>
            <div
                        className="icon-container"
            >
                        <img
                                    alt="Location"
                                    src="map.png"
                        />
                        <p>
                                    Sort the restaurants in your area by process of elimination.
                        </p>
            </div>
            <div
                        className="icon-container"
            >
                        <img
                                    alt="Location"
                                    src="food-drink.png"
                        />
                        <p>
                                    Discover what you been craving.
                        </p>
            </div>
            <div
                        className="icon-container"
            >
                        <img
                                    alt="Location"
                                    src="smiley.png"
                        />
                        <p>
                                    Come back next time you're hungry!
                        </p>
            </div>
</section>,
          "className": "discover-info",
        },
        "ref": null,
        "rendered": Object {
          "instance": null,
          "key": undefined,
          "nodeType": "host",
          "props": Object {
            "children": Array [
              <div
                className="icon-container"
>
                <img
                                alt="Location"
                                src="hungry.png"
                />
                <p>
                                Hungry but you can't put your finger on what you want?
                </p>
</div>,
              <div
                className="icon-container"
>
                <img
                                alt="Location"
                                src="map.png"
                />
                <p>
                                Sort the restaurants in your area by process of elimination.
                </p>
</div>,
              <div
                className="icon-container"
>
                <img
                                alt="Location"
                                src="food-drink.png"
                />
                <p>
                                Discover what you been craving.
                </p>
</div>,
              <div
                className="icon-container"
>
                <img
                                alt="Location"
                                src="smiley.png"
                />
                <p>
                                Come back next time you're hungry!
                </p>
</div>,
            ],
            "className": "infographics d-flex",
          },
          "ref": null,
          "rendered": Array [
            Object {
              "instance": null,
              "key": undefined,
              "nodeType": "host",
              "props": Object {
                "children": Array [
                  <img
                    alt="Location"
                    src="hungry.png"
/>,
                  <p>
                    Hungry but you can't put your finger on what you want?
</p>,
                ],
                "className": "icon-container",
              },
              "ref": null,
              "rendered": Array [
                Object {
                  "instance": null,
                  "key": undefined,
                  "nodeType": "host",
                  "props": Object {
                    "alt": "Location",
                    "src": "hungry.png",
                  },
                  "ref": null,
                  "rendered": null,
                  "type": "img",
                },
                Object {
                  "instance": null,
                  "key": undefined,
                  "nodeType": "host",
                  "props": Object {
                    "children": "Hungry but you can't put your finger on what you want?",
                  },
                  "ref": null,
                  "rendered": "Hungry but you can't put your finger on what you want?",
                  "type": "p",
                },
              ],
              "type": "div",
            },
            Object {
              "instance": null,
              "key": undefined,
              "nodeType": "host",
              "props": Object {
                "children": Array [
                  <img
                    alt="Location"
                    src="map.png"
/>,
                  <p>
                    Sort the restaurants in your area by process of elimination.
</p>,
                ],
                "className": "icon-container",
              },
              "ref": null,
              "rendered": Array [
                Object {
                  "instance": null,
                  "key": undefined,
                  "nodeType": "host",
                  "props": Object {
                    "alt": "Location",
                    "src": "map.png",
                  },
                  "ref": null,
                  "rendered": null,
                  "type": "img",
                },
                Object {
                  "instance": null,
                  "key": undefined,
                  "nodeType": "host",
                  "props": Object {
                    "children": "Sort the restaurants in your area by process of elimination.",
                  },
                  "ref": null,
                  "rendered": "Sort the restaurants in your area by process of elimination.",
                  "type": "p",
                },
              ],
              "type": "div",
            },
            Object {
              "instance": null,
              "key": undefined,
              "nodeType": "host",
              "props": Object {
                "children": Array [
                  <img
                    alt="Location"
                    src="food-drink.png"
/>,
                  <p>
                    Discover what you been craving.
</p>,
                ],
                "className": "icon-container",
              },
              "ref": null,
              "rendered": Array [
                Object {
                  "instance": null,
                  "key": undefined,
                  "nodeType": "host",
                  "props": Object {
                    "alt": "Location",
                    "src": "food-drink.png",
                  },
                  "ref": null,
                  "rendered": null,
                  "type": "img",
                },
                Object {
                  "instance": null,
                  "key": undefined,
                  "nodeType": "host",
                  "props": Object {
                    "children": "Discover what you been craving.",
                  },
                  "ref": null,
                  "rendered": "Discover what you been craving.",
                  "type": "p",
                },
              ],
              "type": "div",
            },
            Object {
              "instance": null,
              "key": undefined,
              "nodeType": "host",
              "props": Object {
                "children": Array [
                  <img
                    alt="Location"
                    src="smiley.png"
/>,
                  <p>
                    Come back next time you're hungry!
</p>,
                ],
                "className": "icon-container",
              },
              "ref": null,
              "rendered": Array [
                Object {
                  "instance": null,
                  "key": undefined,
                  "nodeType": "host",
                  "props": Object {
                    "alt": "Location",
                    "src": "smiley.png",
                  },
                  "ref": null,
                  "rendered": null,
                  "type": "img",
                },
                Object {
                  "instance": null,
                  "key": undefined,
                  "nodeType": "host",
                  "props": Object {
                    "children": "Come back next time you're hungry!",
                  },
                  "ref": null,
                  "rendered": "Come back next time you're hungry!",
                  "type": "p",
                },
              ],
              "type": "div",
            },
          ],
          "type": "section",
        },
        "type": "section",
      },
    ],
    "type": "div",
  },
  Symbol(enzyme.__nodes__): Array [
    Object {
      "instance": null,
      "key": undefined,
      "nodeType": "host",
      "props": Object {
        "children": Array [
          <withRouter() />,
          <h2
            className="discover-tagline"
>
            When nothing sounds good, let us help you find your perfect meal.
</h2>,
          <section
            className="discover-info"
>
            <section
                        className="infographics d-flex"
            >
                        <div
                                    className="icon-container"
                        >
                                    <img
                                                alt="Location"
                                                src="hungry.png"
                                    />
                                    <p>
                                                Hungry but you can't put your finger on what you want?
                                    </p>
                        </div>
                        <div
                                    className="icon-container"
                        >
                                    <img
                                                alt="Location"
                                                src="map.png"
                                    />
                                    <p>
                                                Sort the restaurants in your area by process of elimination.
                                    </p>
                        </div>
                        <div
                                    className="icon-container"
                        >
                                    <img
                                                alt="Location"
                                                src="food-drink.png"
                                    />
                                    <p>
                                                Discover what you been craving.
                                    </p>
                        </div>
                        <div
                                    className="icon-container"
                        >
                                    <img
                                                alt="Location"
                                                src="smiley.png"
                                    />
                                    <p>
                                                Come back next time you're hungry!
                                    </p>
                        </div>
            </section>
</section>,
        ],
      },
      "ref": null,
      "rendered": Array [
        Object {
          "instance": null,
          "key": undefined,
          "nodeType": "function",
          "props": Object {},
          "ref": null,
          "rendered": null,
          "type": [Function],
        },
        Object {
          "instance": null,
          "key": undefined,
          "nodeType": "host",
          "props": Object {
            "children": "When nothing sounds good, let us help you find your perfect meal.",
            "className": "discover-tagline",
          },
          "ref": null,
          "rendered": "When nothing sounds good, let us help you find your perfect meal.",
          "type": "h2",
        },
        Object {
          "instance": null,
          "key": undefined,
          "nodeType": "host",
          "props": Object {
            "children": <section
              className="infographics d-flex"
>
              <div
                            className="icon-container"
              >
                            <img
                                          alt="Location"
                                          src="hungry.png"
                            />
                            <p>
                                          Hungry but you can't put your finger on what you want?
                            </p>
              </div>
              <div
                            className="icon-container"
              >
                            <img
                                          alt="Location"
                                          src="map.png"
                            />
                            <p>
                                          Sort the restaurants in your area by process of elimination.
                            </p>
              </div>
              <div
                            className="icon-container"
              >
                            <img
                                          alt="Location"
                                          src="food-drink.png"
                            />
                            <p>
                                          Discover what you been craving.
                            </p>
              </div>
              <div
                            className="icon-container"
              >
                            <img
                                          alt="Location"
                                          src="smiley.png"
                            />
                            <p>
                                          Come back next time you're hungry!
                            </p>
              </div>
</section>,
            "className": "discover-info",
          },
          "ref": null,
          "rendered": Object {
            "instance": null,
            "key": undefined,
            "nodeType": "host",
            "props": Object {
              "children": Array [
                <div
                  className="icon-container"
>
                  <img
                                    alt="Location"
                                    src="hungry.png"
                  />
                  <p>
                                    Hungry but you can't put your finger on what you want?
                  </p>
</div>,
                <div
                  className="icon-container"
>
                  <img
                                    alt="Location"
                                    src="map.png"
                  />
                  <p>
                                    Sort the restaurants in your area by process of elimination.
                  </p>
</div>,
                <div
                  className="icon-container"
>
                  <img
                                    alt="Location"
                                    src="food-drink.png"
                  />
                  <p>
                                    Discover what you been craving.
                  </p>
</div>,
                <div
                  className="icon-container"
>
                  <img
                                    alt="Location"
                                    src="smiley.png"
                  />
                  <p>
                                    Come back next time you're hungry!
                  </p>
</div>,
              ],
              "className": "infographics d-flex",
            },
            "ref": null,
            "rendered": Array [
              Object {
                "instance": null,
                "key": undefined,
                "nodeType": "host",
                "props": Object {
                  "children": Array [
                    <img
                      alt="Location"
                      src="hungry.png"
/>,
                    <p>
                      Hungry but you can't put your finger on what you want?
</p>,
                  ],
                  "className": "icon-container",
                },
                "ref": null,
                "rendered": Array [
                  Object {
                    "instance": null,
                    "key": undefined,
                    "nodeType": "host",
                    "props": Object {
                      "alt": "Location",
                      "src": "hungry.png",
                    },
                    "ref": null,
                    "rendered": null,
                    "type": "img",
                  },
                  Object {
                    "instance": null,
                    "key": undefined,
                    "nodeType": "host",
                    "props": Object {
                      "children": "Hungry but you can't put your finger on what you want?",
                    },
                    "ref": null,
                    "rendered": "Hungry but you can't put your finger on what you want?",
                    "type": "p",
                  },
                ],
                "type": "div",
              },
              Object {
                "instance": null,
                "key": undefined,
                "nodeType": "host",
                "props": Object {
                  "children": Array [
                    <img
                      alt="Location"
                      src="map.png"
/>,
                    <p>
                      Sort the restaurants in your area by process of elimination.
</p>,
                  ],
                  "className": "icon-container",
                },
                "ref": null,
                "rendered": Array [
                  Object {
                    "instance": null,
                    "key": undefined,
                    "nodeType": "host",
                    "props": Object {
                      "alt": "Location",
                      "src": "map.png",
                    },
                    "ref": null,
                    "rendered": null,
                    "type": "img",
                  },
                  Object {
                    "instance": null,
                    "key": undefined,
                    "nodeType": "host",
                    "props": Object {
                      "children": "Sort the restaurants in your area by process of elimination.",
                    },
                    "ref": null,
                    "rendered": "Sort the restaurants in your area by process of elimination.",
                    "type": "p",
                  },
                ],
                "type": "div",
              },
              Object {
                "instance": null,
                "key": undefined,
                "nodeType": "host",
                "props": Object {
                  "children": Array [
                    <img
                      alt="Location"
                      src="food-drink.png"
/>,
                    <p>
                      Discover what you been craving.
</p>,
                  ],
                  "className": "icon-container",
                },
                "ref": null,
                "rendered": Array [
                  Object {
                    "instance": null,
                    "key": undefined,
                    "nodeType": "host",
                    "props": Object {
                      "alt": "Location",
                      "src": "food-drink.png",
                    },
                    "ref": null,
                    "rendered": null,
                    "type": "img",
                  },
                  Object {
                    "instance": null,
                    "key": undefined,
                    "nodeType": "host",
                    "props": Object {
                      "children": "Discover what you been craving.",
                    },
                    "ref": null,
                    "rendered": "Discover what you been craving.",
                    "type": "p",
                  },
                ],
                "type": "div",
              },
              Object {
                "instance": null,
                "key": undefined,
                "nodeType": "host",
                "props": Object {
                  "children": Array [
                    <img
                      alt="Location"
                      src="smiley.png"
/>,
                    <p>
                      Come back next time you're hungry!
</p>,
                  ],
                  "className": "icon-container",
                },
                "ref": null,
                "rendered": Array [
                  Object {
                    "instance": null,
                    "key": undefined,
                    "nodeType": "host",
                    "props": Object {
                      "alt": "Location",
                      "src": "smiley.png",
                    },
                    "ref": null,
                    "rendered": null,
                    "type": "img",
                  },
                  Object {
                    "instance": null,
                    "key": undefined,
                    "nodeType": "host",
                    "props": Object {
                      "children": "Come back next time you're hungry!",
                    },
                    "ref": null,
                    "rendered": "Come back next time you're hungry!",
                    "type": "p",
                  },
                ],
                "type": "div",
              },
            ],
            "type": "section",
          },
          "type": "section",
        },
      ],
      "type": "div",
    },
  ],
  Symbol(enzyme.__options__): Object {
    "adapter": ReactSixteenAdapter {
      "options": Object {
        "enableComponentDidUpdateOnSetState": true,
      },
    },
  },
}
`;
