// Jest Snapshot v1, https://goo.gl/fbAQLP

exports[`Restaurants page tests Should match the snapshot 1`] = `undefined`;
