// Jest Snapshot v1, https://goo.gl/fbAQLP

exports[`Cuisine page tests Should match the snapshot 1`] = `
ShallowWrapper {
  "length": 1,
  Symbol(enzyme.__root__): [Circular],
  Symbol(enzyme.__unrendered__): <Cuisine
    availableCuisines={
        Array [
            Object {
              "cuisine": Object {
                "cuisine_id": 6,
                "cuisine_name": "Afghani",
              },
            },
            Object {
              "cuisine": Object {
                "cuisine_id": 152,
                "cuisine_name": "African",
              },
            },
            Object {
              "cuisine": Object {
                "cuisine_id": 1,
                "cuisine_name": "American",
              },
            },
          ]
    }
    chosenCity={
        Object {
            "city": "Newton, IL",
            "id": 5172,
          }
    }
    chosenCityID={5172}
    getCuisines={[Function]}
    loadCuisines={[Function]}
    loadRestaurants={[Function]}
    sendCuisinesToStore={[Function]}
/>,
  Symbol(enzyme.__renderer__): Object {
    "batchedUpdates": [Function],
    "getNode": [Function],
    "render": [Function],
    "simulateEvent": [Function],
    "unmount": [Function],
  },
  Symbol(enzyme.__node__): Object {
    "instance": null,
    "key": undefined,
    "nodeType": "host",
    "props": Object {
      "children": Array [
        <section
          className="cuisine-header"
>
          <h2>
                    What do you NOT want to eat?
          </h2>
</section>,
        <section
          className="cuisine-container"
>
          <div
                    className="cuisine-info"
          >
                    <p>
                              Click to Remove the cuisines you do not want
                    </p>
                    <section
                              className="return-restaurants-container"
                    >
                              <NavLink
                                        activeClassName="active"
                                        ariaCurrent="true"
                                        to="/restaurants"
                              >
                                        <button
                                                  className="return-restaurants"
                                                  onClick={[Function]}
                                        >
                                                  Show me these Restaurants
                                        </button>
                              </NavLink>
                    </section>
          </div>
          <section
                    className="cuisine-btn-container"
          >
                    <button
                              className="cuisine-btn"
                              name="Afghani"
                              onClick={[Function]}
                              title="Click to Remove"
                    >
                              <h3>
                                        Afghani
                              </h3>
                    </button>
                    <button
                              className="cuisine-btn"
                              name="African"
                              onClick={[Function]}
                              title="Click to Remove"
                    >
                              <h3>
                                        African
                              </h3>
                    </button>
                    <button
                              className="cuisine-btn"
                              name="American"
                              onClick={[Function]}
                              title="Click to Remove"
                    >
                              <h3>
                                        American
                              </h3>
                    </button>
          </section>
</section>,
      ],
    },
    "ref": null,
    "rendered": Array [
      Object {
        "instance": null,
        "key": undefined,
        "nodeType": "host",
        "props": Object {
          "children": <h2>
            What do you NOT want to eat?
</h2>,
          "className": "cuisine-header",
        },
        "ref": null,
        "rendered": Object {
          "instance": null,
          "key": undefined,
          "nodeType": "host",
          "props": Object {
            "children": "What do you NOT want to eat?",
          },
          "ref": null,
          "rendered": "What do you NOT want to eat?",
          "type": "h2",
        },
        "type": "section",
      },
      Object {
        "instance": null,
        "key": undefined,
        "nodeType": "host",
        "props": Object {
          "children": Array [
            <div
              className="cuisine-info"
>
              <p>
                            Click to Remove the cuisines you do not want
              </p>
              <section
                            className="return-restaurants-container"
              >
                            <NavLink
                                          activeClassName="active"
                                          ariaCurrent="true"
                                          to="/restaurants"
                            >
                                          <button
                                                        className="return-restaurants"
                                                        onClick={[Function]}
                                          >
                                                        Show me these Restaurants
                                          </button>
                            </NavLink>
              </section>
</div>,
            false,
            <section
              className="cuisine-btn-container"
>
              <button
                            className="cuisine-btn"
                            name="Afghani"
                            onClick={[Function]}
                            title="Click to Remove"
              >
                            <h3>
                                          Afghani
                            </h3>
              </button>
              <button
                            className="cuisine-btn"
                            name="African"
                            onClick={[Function]}
                            title="Click to Remove"
              >
                            <h3>
                                          African
                            </h3>
              </button>
              <button
                            className="cuisine-btn"
                            name="American"
                            onClick={[Function]}
                            title="Click to Remove"
              >
                            <h3>
                                          American
                            </h3>
              </button>
</section>,
            false,
          ],
          "className": "cuisine-container",
        },
        "ref": null,
        "rendered": Array [
          Object {
            "instance": null,
            "key": undefined,
            "nodeType": "host",
            "props": Object {
              "children": Array [
                <p>
                  Click to Remove the cuisines you do not want
</p>,
                <section
                  className="return-restaurants-container"
>
                  <NavLink
                                    activeClassName="active"
                                    ariaCurrent="true"
                                    to="/restaurants"
                  >
                                    <button
                                                      className="return-restaurants"
                                                      onClick={[Function]}
                                    >
                                                      Show me these Restaurants
                                    </button>
                  </NavLink>
</section>,
              ],
              "className": "cuisine-info",
            },
            "ref": null,
            "rendered": Array [
              Object {
                "instance": null,
                "key": undefined,
                "nodeType": "host",
                "props": Object {
                  "children": "Click to Remove the cuisines you do not want",
                },
                "ref": null,
                "rendered": "Click to Remove the cuisines you do not want",
                "type": "p",
              },
              Object {
                "instance": null,
                "key": undefined,
                "nodeType": "host",
                "props": Object {
                  "children": <NavLink
                    activeClassName="active"
                    ariaCurrent="true"
                    to="/restaurants"
>
                    <button
                                        className="return-restaurants"
                                        onClick={[Function]}
                    >
                                        Show me these Restaurants
                    </button>
</NavLink>,
                  "className": "return-restaurants-container",
                },
                "ref": null,
                "rendered": Object {
                  "instance": null,
                  "key": "restaurant-nav",
                  "nodeType": "function",
                  "props": Object {
                    "activeClassName": "active",
                    "ariaCurrent": "true",
                    "children": <button
                      className="return-restaurants"
                      onClick={[Function]}
>
                      Show me these Restaurants
</button>,
                    "to": "/restaurants",
                  },
                  "ref": null,
                  "rendered": Object {
                    "instance": null,
                    "key": undefined,
                    "nodeType": "host",
                    "props": Object {
                      "children": "Show me these Restaurants",
                      "className": "return-restaurants",
                      "onClick": [Function],
                    },
                    "ref": null,
                    "rendered": "Show me these Restaurants",
                    "type": "button",
                  },
                  "type": [Function],
                },
                "type": "section",
              },
            ],
            "type": "div",
          },
          false,
          Object {
            "instance": null,
            "key": undefined,
            "nodeType": "host",
            "props": Object {
              "children": Array [
                <button
                  className="cuisine-btn"
                  name="Afghani"
                  onClick={[Function]}
                  title="Click to Remove"
>
                  <h3>
                                    Afghani
                  </h3>
</button>,
                <button
                  className="cuisine-btn"
                  name="African"
                  onClick={[Function]}
                  title="Click to Remove"
>
                  <h3>
                                    African
                  </h3>
</button>,
                <button
                  className="cuisine-btn"
                  name="American"
                  onClick={[Function]}
                  title="Click to Remove"
>
                  <h3>
                                    American
                  </h3>
</button>,
              ],
              "className": "cuisine-btn-container",
            },
            "ref": null,
            "rendered": Array [
              Object {
                "instance": null,
                "key": "key0",
                "nodeType": "host",
                "props": Object {
                  "children": <h3>
                    Afghani
</h3>,
                  "className": "cuisine-btn",
                  "name": "Afghani",
                  "onClick": [Function],
                  "title": "Click to Remove",
                },
                "ref": null,
                "rendered": Object {
                  "instance": null,
                  "key": undefined,
                  "nodeType": "host",
                  "props": Object {
                    "children": "Afghani",
                  },
                  "ref": null,
                  "rendered": "Afghani",
                  "type": "h3",
                },
                "type": "button",
              },
              Object {
                "instance": null,
                "key": "key1",
                "nodeType": "host",
                "props": Object {
                  "children": <h3>
                    African
</h3>,
                  "className": "cuisine-btn",
                  "name": "African",
                  "onClick": [Function],
                  "title": "Click to Remove",
                },
                "ref": null,
                "rendered": Object {
                  "instance": null,
                  "key": undefined,
                  "nodeType": "host",
                  "props": Object {
                    "children": "African",
                  },
                  "ref": null,
                  "rendered": "African",
                  "type": "h3",
                },
                "type": "button",
              },
              Object {
                "instance": null,
                "key": "key2",
                "nodeType": "host",
                "props": Object {
                  "children": <h3>
                    American
</h3>,
                  "className": "cuisine-btn",
                  "name": "American",
                  "onClick": [Function],
                  "title": "Click to Remove",
                },
                "ref": null,
                "rendered": Object {
                  "instance": null,
                  "key": undefined,
                  "nodeType": "host",
                  "props": Object {
                    "children": "American",
                  },
                  "ref": null,
                  "rendered": "American",
                  "type": "h3",
                },
                "type": "button",
              },
            ],
            "type": "section",
          },
          false,
        ],
        "type": "section",
      },
    ],
    "type": "div",
  },
  Symbol(enzyme.__nodes__): Array [
    Object {
      "instance": null,
      "key": undefined,
      "nodeType": "host",
      "props": Object {
        "children": Array [
          <section
            className="cuisine-header"
>
            <h2>
                        What do you NOT want to eat?
            </h2>
</section>,
          <section
            className="cuisine-container"
>
            <div
                        className="cuisine-info"
            >
                        <p>
                                    Click to Remove the cuisines you do not want
                        </p>
                        <section
                                    className="return-restaurants-container"
                        >
                                    <NavLink
                                                activeClassName="active"
                                                ariaCurrent="true"
                                                to="/restaurants"
                                    >
                                                <button
                                                            className="return-restaurants"
                                                            onClick={[Function]}
                                                >
                                                            Show me these Restaurants
                                                </button>
                                    </NavLink>
                        </section>
            </div>
            <section
                        className="cuisine-btn-container"
            >
                        <button
                                    className="cuisine-btn"
                                    name="Afghani"
                                    onClick={[Function]}
                                    title="Click to Remove"
                        >
                                    <h3>
                                                Afghani
                                    </h3>
                        </button>
                        <button
                                    className="cuisine-btn"
                                    name="African"
                                    onClick={[Function]}
                                    title="Click to Remove"
                        >
                                    <h3>
                                                African
                                    </h3>
                        </button>
                        <button
                                    className="cuisine-btn"
                                    name="American"
                                    onClick={[Function]}
                                    title="Click to Remove"
                        >
                                    <h3>
                                                American
                                    </h3>
                        </button>
            </section>
</section>,
        ],
      },
      "ref": null,
      "rendered": Array [
        Object {
          "instance": null,
          "key": undefined,
          "nodeType": "host",
          "props": Object {
            "children": <h2>
              What do you NOT want to eat?
</h2>,
            "className": "cuisine-header",
          },
          "ref": null,
          "rendered": Object {
            "instance": null,
            "key": undefined,
            "nodeType": "host",
            "props": Object {
              "children": "What do you NOT want to eat?",
            },
            "ref": null,
            "rendered": "What do you NOT want to eat?",
            "type": "h2",
          },
          "type": "section",
        },
        Object {
          "instance": null,
          "key": undefined,
          "nodeType": "host",
          "props": Object {
            "children": Array [
              <div
                className="cuisine-info"
>
                <p>
                                Click to Remove the cuisines you do not want
                </p>
                <section
                                className="return-restaurants-container"
                >
                                <NavLink
                                                activeClassName="active"
                                                ariaCurrent="true"
                                                to="/restaurants"
                                >
                                                <button
                                                                className="return-restaurants"
                                                                onClick={[Function]}
                                                >
                                                                Show me these Restaurants
                                                </button>
                                </NavLink>
                </section>
</div>,
              false,
              <section
                className="cuisine-btn-container"
>
                <button
                                className="cuisine-btn"
                                name="Afghani"
                                onClick={[Function]}
                                title="Click to Remove"
                >
                                <h3>
                                                Afghani
                                </h3>
                </button>
                <button
                                className="cuisine-btn"
                                name="African"
                                onClick={[Function]}
                                title="Click to Remove"
                >
                                <h3>
                                                African
                                </h3>
                </button>
                <button
                                className="cuisine-btn"
                                name="American"
                                onClick={[Function]}
                                title="Click to Remove"
                >
                                <h3>
                                                American
                                </h3>
                </button>
</section>,
              false,
            ],
            "className": "cuisine-container",
          },
          "ref": null,
          "rendered": Array [
            Object {
              "instance": null,
              "key": undefined,
              "nodeType": "host",
              "props": Object {
                "children": Array [
                  <p>
                    Click to Remove the cuisines you do not want
</p>,
                  <section
                    className="return-restaurants-container"
>
                    <NavLink
                                        activeClassName="active"
                                        ariaCurrent="true"
                                        to="/restaurants"
                    >
                                        <button
                                                            className="return-restaurants"
                                                            onClick={[Function]}
                                        >
                                                            Show me these Restaurants
                                        </button>
                    </NavLink>
</section>,
                ],
                "className": "cuisine-info",
              },
              "ref": null,
              "rendered": Array [
                Object {
                  "instance": null,
                  "key": undefined,
                  "nodeType": "host",
                  "props": Object {
                    "children": "Click to Remove the cuisines you do not want",
                  },
                  "ref": null,
                  "rendered": "Click to Remove the cuisines you do not want",
                  "type": "p",
                },
                Object {
                  "instance": null,
                  "key": undefined,
                  "nodeType": "host",
                  "props": Object {
                    "children": <NavLink
                      activeClassName="active"
                      ariaCurrent="true"
                      to="/restaurants"
>
                      <button
                                            className="return-restaurants"
                                            onClick={[Function]}
                      >
                                            Show me these Restaurants
                      </button>
</NavLink>,
                    "className": "return-restaurants-container",
                  },
                  "ref": null,
                  "rendered": Object {
                    "instance": null,
                    "key": "restaurant-nav",
                    "nodeType": "function",
                    "props": Object {
                      "activeClassName": "active",
                      "ariaCurrent": "true",
                      "children": <button
                        className="return-restaurants"
                        onClick={[Function]}
>
                        Show me these Restaurants
</button>,
                      "to": "/restaurants",
                    },
                    "ref": null,
                    "rendered": Object {
                      "instance": null,
                      "key": undefined,
                      "nodeType": "host",
                      "props": Object {
                        "children": "Show me these Restaurants",
                        "className": "return-restaurants",
                        "onClick": [Function],
                      },
                      "ref": null,
                      "rendered": "Show me these Restaurants",
                      "type": "button",
                    },
                    "type": [Function],
                  },
                  "type": "section",
                },
              ],
              "type": "div",
            },
            false,
            Object {
              "instance": null,
              "key": undefined,
              "nodeType": "host",
              "props": Object {
                "children": Array [
                  <button
                    className="cuisine-btn"
                    name="Afghani"
                    onClick={[Function]}
                    title="Click to Remove"
>
                    <h3>
                                        Afghani
                    </h3>
</button>,
                  <button
                    className="cuisine-btn"
                    name="African"
                    onClick={[Function]}
                    title="Click to Remove"
>
                    <h3>
                                        African
                    </h3>
</button>,
                  <button
                    className="cuisine-btn"
                    name="American"
                    onClick={[Function]}
                    title="Click to Remove"
>
                    <h3>
                                        American
                    </h3>
</button>,
                ],
                "className": "cuisine-btn-container",
              },
              "ref": null,
              "rendered": Array [
                Object {
                  "instance": null,
                  "key": "key0",
                  "nodeType": "host",
                  "props": Object {
                    "children": <h3>
                      Afghani
</h3>,
                    "className": "cuisine-btn",
                    "name": "Afghani",
                    "onClick": [Function],
                    "title": "Click to Remove",
                  },
                  "ref": null,
                  "rendered": Object {
                    "instance": null,
                    "key": undefined,
                    "nodeType": "host",
                    "props": Object {
                      "children": "Afghani",
                    },
                    "ref": null,
                    "rendered": "Afghani",
                    "type": "h3",
                  },
                  "type": "button",
                },
                Object {
                  "instance": null,
                  "key": "key1",
                  "nodeType": "host",
                  "props": Object {
                    "children": <h3>
                      African
</h3>,
                    "className": "cuisine-btn",
                    "name": "African",
                    "onClick": [Function],
                    "title": "Click to Remove",
                  },
                  "ref": null,
                  "rendered": Object {
                    "instance": null,
                    "key": undefined,
                    "nodeType": "host",
                    "props": Object {
                      "children": "African",
                    },
                    "ref": null,
                    "rendered": "African",
                    "type": "h3",
                  },
                  "type": "button",
                },
                Object {
                  "instance": null,
                  "key": "key2",
                  "nodeType": "host",
                  "props": Object {
                    "children": <h3>
                      American
</h3>,
                    "className": "cuisine-btn",
                    "name": "American",
                    "onClick": [Function],
                    "title": "Click to Remove",
                  },
                  "ref": null,
                  "rendered": Object {
                    "instance": null,
                    "key": undefined,
                    "nodeType": "host",
                    "props": Object {
                      "children": "American",
                    },
                    "ref": null,
                    "rendered": "American",
                    "type": "h3",
                  },
                  "type": "button",
                },
              ],
              "type": "section",
            },
            false,
          ],
          "type": "section",
        },
      ],
      "type": "div",
    },
  ],
  Symbol(enzyme.__options__): Object {
    "adapter": ReactSixteenAdapter {
      "options": Object {
        "enableComponentDidUpdateOnSetState": true,
      },
    },
  },
}
`;
