// Jest Snapshot v1, https://goo.gl/fbAQLP

exports[`Locations Should match the snapshot 1`] = `
ShallowWrapper {
  "length": 1,
  Symbol(enzyme.__root__): [Circular],
  Symbol(enzyme.__unrendered__): <LocationInput
    getCities={[Function]}
    loadLocations={[Function]}
    userInput=""
/>,
  Symbol(enzyme.__renderer__): Object {
    "batchedUpdates": [Function],
    "getNode": [Function],
    "render": [Function],
    "simulateEvent": [Function],
    "unmount": [Function],
  },
  Symbol(enzyme.__node__): Object {
    "instance": null,
    "key": undefined,
    "nodeType": "host",
    "props": Object {
      "children": Array [
        <section
          className="location-container-header"
>
          <h2>
                    Where are you?
          </h2>
</section>,
        <section
          className="locations"
>
          <h3>
                    Confirm your city
          </h3>
          <form
                    className="login-form"
                    onSubmit={[Function]}
          >
                    <input
                              className="search-city-input"
                              onChange={[Function]}
                              placeholder="Enter City"
                              type="text"
                    />
                    <button
                              onClick={[Function]}
                              type="button"
                    >
                              Submit
                    </button>
          </form>
</section>,
      ],
    },
    "ref": null,
    "rendered": Array [
      Object {
        "instance": null,
        "key": undefined,
        "nodeType": "host",
        "props": Object {
          "children": <h2>
            Where are you?
</h2>,
          "className": "location-container-header",
        },
        "ref": null,
        "rendered": Object {
          "instance": null,
          "key": undefined,
          "nodeType": "host",
          "props": Object {
            "children": "Where are you?",
          },
          "ref": null,
          "rendered": "Where are you?",
          "type": "h2",
        },
        "type": "section",
      },
      Object {
        "instance": null,
        "key": undefined,
        "nodeType": "host",
        "props": Object {
          "children": Array [
            <h3>
              Confirm your city
</h3>,
            <form
              className="login-form"
              onSubmit={[Function]}
>
              <input
                            className="search-city-input"
                            onChange={[Function]}
                            placeholder="Enter City"
                            type="text"
              />
              <button
                            onClick={[Function]}
                            type="button"
              >
                            Submit
              </button>
</form>,
          ],
          "className": "locations",
        },
        "ref": null,
        "rendered": Array [
          Object {
            "instance": null,
            "key": undefined,
            "nodeType": "host",
            "props": Object {
              "children": "Confirm your city",
            },
            "ref": null,
            "rendered": "Confirm your city",
            "type": "h3",
          },
          Object {
            "instance": null,
            "key": undefined,
            "nodeType": "host",
            "props": Object {
              "children": Array [
                <input
                  className="search-city-input"
                  onChange={[Function]}
                  placeholder="Enter City"
                  type="text"
/>,
                <button
                  onClick={[Function]}
                  type="button"
>
                  Submit
</button>,
              ],
              "className": "login-form",
              "onSubmit": [Function],
            },
            "ref": null,
            "rendered": Array [
              Object {
                "instance": null,
                "key": undefined,
                "nodeType": "host",
                "props": Object {
                  "className": "search-city-input",
                  "onChange": [Function],
                  "placeholder": "Enter City",
                  "type": "text",
                },
                "ref": null,
                "rendered": null,
                "type": "input",
              },
              Object {
                "instance": null,
                "key": undefined,
                "nodeType": "host",
                "props": Object {
                  "children": "Submit",
                  "onClick": [Function],
                  "type": "button",
                },
                "ref": null,
                "rendered": "Submit",
                "type": "button",
              },
            ],
            "type": "form",
          },
        ],
        "type": "section",
      },
    ],
    "type": "div",
  },
  Symbol(enzyme.__nodes__): Array [
    Object {
      "instance": null,
      "key": undefined,
      "nodeType": "host",
      "props": Object {
        "children": Array [
          <section
            className="location-container-header"
>
            <h2>
                        Where are you?
            </h2>
</section>,
          <section
            className="locations"
>
            <h3>
                        Confirm your city
            </h3>
            <form
                        className="login-form"
                        onSubmit={[Function]}
            >
                        <input
                                    className="search-city-input"
                                    onChange={[Function]}
                                    placeholder="Enter City"
                                    type="text"
                        />
                        <button
                                    onClick={[Function]}
                                    type="button"
                        >
                                    Submit
                        </button>
            </form>
</section>,
        ],
      },
      "ref": null,
      "rendered": Array [
        Object {
          "instance": null,
          "key": undefined,
          "nodeType": "host",
          "props": Object {
            "children": <h2>
              Where are you?
</h2>,
            "className": "location-container-header",
          },
          "ref": null,
          "rendered": Object {
            "instance": null,
            "key": undefined,
            "nodeType": "host",
            "props": Object {
              "children": "Where are you?",
            },
            "ref": null,
            "rendered": "Where are you?",
            "type": "h2",
          },
          "type": "section",
        },
        Object {
          "instance": null,
          "key": undefined,
          "nodeType": "host",
          "props": Object {
            "children": Array [
              <h3>
                Confirm your city
</h3>,
              <form
                className="login-form"
                onSubmit={[Function]}
>
                <input
                                className="search-city-input"
                                onChange={[Function]}
                                placeholder="Enter City"
                                type="text"
                />
                <button
                                onClick={[Function]}
                                type="button"
                >
                                Submit
                </button>
</form>,
            ],
            "className": "locations",
          },
          "ref": null,
          "rendered": Array [
            Object {
              "instance": null,
              "key": undefined,
              "nodeType": "host",
              "props": Object {
                "children": "Confirm your city",
              },
              "ref": null,
              "rendered": "Confirm your city",
              "type": "h3",
            },
            Object {
              "instance": null,
              "key": undefined,
              "nodeType": "host",
              "props": Object {
                "children": Array [
                  <input
                    className="search-city-input"
                    onChange={[Function]}
                    placeholder="Enter City"
                    type="text"
/>,
                  <button
                    onClick={[Function]}
                    type="button"
>
                    Submit
</button>,
                ],
                "className": "login-form",
                "onSubmit": [Function],
              },
              "ref": null,
              "rendered": Array [
                Object {
                  "instance": null,
                  "key": undefined,
                  "nodeType": "host",
                  "props": Object {
                    "className": "search-city-input",
                    "onChange": [Function],
                    "placeholder": "Enter City",
                    "type": "text",
                  },
                  "ref": null,
                  "rendered": null,
                  "type": "input",
                },
                Object {
                  "instance": null,
                  "key": undefined,
                  "nodeType": "host",
                  "props": Object {
                    "children": "Submit",
                    "onClick": [Function],
                    "type": "button",
                  },
                  "ref": null,
                  "rendered": "Submit",
                  "type": "button",
                },
              ],
              "type": "form",
            },
          ],
          "type": "section",
        },
      ],
      "type": "div",
    },
  ],
  Symbol(enzyme.__options__): Object {
    "adapter": ReactSixteenAdapter {
      "options": Object {
        "enableComponentDidUpdateOnSetState": true,
      },
    },
  },
}
`;
