// Jest Snapshot v1, https://goo.gl/fbAQLP

exports[`Locations should match snapshot 1`] = `
ShallowWrapper {
  "length": 1,
  Symbol(enzyme.__root__): [Circular],
  Symbol(enzyme.__unrendered__): <Locations
    locations={
        Array [
            Object {
              "country_flag_url": "https://b.zmtcdn.com/images/countries/flags/country_216.png",
              "country_id": 216,
              "country_name": "United States",
              "discovery_enabled": 0,
              "has_new_ad_format": 0,
              "id": 7171,
              "is_state": 0,
              "name": "Newton Grove, NC",
              "should_experiment_with": 0,
              "state_code": "NC",
              "state_id": 95,
              "state_name": "North Carolina",
            },
            Object {
              "country_flag_url": "https://b.zmtcdn.com/images/countries/flags/country_216.png",
              "country_id": 216,
              "country_name": "United States",
              "discovery_enabled": 0,
              "has_new_ad_format": 0,
              "id": 5172,
              "is_state": 0,
              "name": "Newton, IL",
              "should_experiment_with": 0,
              "state_code": "IL",
              "state_id": 82,
              "state_name": "Illinois",
            },
            Object {
              "country_flag_url": "https://b.zmtcdn.com/images/countries/flags/country_216.png",
              "country_id": 216,
              "country_name": "United States",
              "discovery_enabled": 0,
              "has_new_ad_format": 0,
              "id": 6946,
              "is_state": 0,
              "name": "Newton, MS",
              "should_experiment_with": 0,
              "state_code": "MS",
              "state_id": 93,
              "state_name": "Mississippi",
            },
          ]
    }
    storeChosenCity={[Function]}
/>,
  Symbol(enzyme.__renderer__): Object {
    "batchedUpdates": [Function],
    "getNode": [Function],
    "render": [Function],
    "simulateEvent": [Function],
    "unmount": [Function],
  },
  Symbol(enzyme.__node__): Object {
    "instance": null,
    "key": undefined,
    "nodeType": "host",
    "props": Object {
      "children": Array [
        <NavLink
          activeClassName="active"
          ariaCurrent="true"
          to="/cuisine"
>
          <button
                    className="location-btn"
                    onClick={[Function]}
          >
                    Newton Grove, NC
          </button>
</NavLink>,
        <NavLink
          activeClassName="active"
          ariaCurrent="true"
          to="/cuisine"
>
          <button
                    className="location-btn"
                    onClick={[Function]}
          >
                    Newton, IL
          </button>
</NavLink>,
        <NavLink
          activeClassName="active"
          ariaCurrent="true"
          to="/cuisine"
>
          <button
                    className="location-btn"
                    onClick={[Function]}
          >
                    Newton, MS
          </button>
</NavLink>,
      ],
      "className": "locations-container",
    },
    "ref": null,
    "rendered": Array [
      Object {
        "instance": null,
        "key": "nav0",
        "nodeType": "function",
        "props": Object {
          "activeClassName": "active",
          "ariaCurrent": "true",
          "children": <button
            className="location-btn"
            onClick={[Function]}
>
            Newton Grove, NC
</button>,
          "to": "/cuisine",
        },
        "ref": null,
        "rendered": Object {
          "instance": null,
          "key": "key0",
          "nodeType": "host",
          "props": Object {
            "children": "Newton Grove, NC",
            "className": "location-btn",
            "onClick": [Function],
          },
          "ref": null,
          "rendered": "Newton Grove, NC",
          "type": "button",
        },
        "type": [Function],
      },
      Object {
        "instance": null,
        "key": "nav1",
        "nodeType": "function",
        "props": Object {
          "activeClassName": "active",
          "ariaCurrent": "true",
          "children": <button
            className="location-btn"
            onClick={[Function]}
>
            Newton, IL
</button>,
          "to": "/cuisine",
        },
        "ref": null,
        "rendered": Object {
          "instance": null,
          "key": "key1",
          "nodeType": "host",
          "props": Object {
            "children": "Newton, IL",
            "className": "location-btn",
            "onClick": [Function],
          },
          "ref": null,
          "rendered": "Newton, IL",
          "type": "button",
        },
        "type": [Function],
      },
      Object {
        "instance": null,
        "key": "nav2",
        "nodeType": "function",
        "props": Object {
          "activeClassName": "active",
          "ariaCurrent": "true",
          "children": <button
            className="location-btn"
            onClick={[Function]}
>
            Newton, MS
</button>,
          "to": "/cuisine",
        },
        "ref": null,
        "rendered": Object {
          "instance": null,
          "key": "key2",
          "nodeType": "host",
          "props": Object {
            "children": "Newton, MS",
            "className": "location-btn",
            "onClick": [Function],
          },
          "ref": null,
          "rendered": "Newton, MS",
          "type": "button",
        },
        "type": [Function],
      },
    ],
    "type": "section",
  },
  Symbol(enzyme.__nodes__): Array [
    Object {
      "instance": null,
      "key": undefined,
      "nodeType": "host",
      "props": Object {
        "children": Array [
          <NavLink
            activeClassName="active"
            ariaCurrent="true"
            to="/cuisine"
>
            <button
                        className="location-btn"
                        onClick={[Function]}
            >
                        Newton Grove, NC
            </button>
</NavLink>,
          <NavLink
            activeClassName="active"
            ariaCurrent="true"
            to="/cuisine"
>
            <button
                        className="location-btn"
                        onClick={[Function]}
            >
                        Newton, IL
            </button>
</NavLink>,
          <NavLink
            activeClassName="active"
            ariaCurrent="true"
            to="/cuisine"
>
            <button
                        className="location-btn"
                        onClick={[Function]}
            >
                        Newton, MS
            </button>
</NavLink>,
        ],
        "className": "locations-container",
      },
      "ref": null,
      "rendered": Array [
        Object {
          "instance": null,
          "key": "nav0",
          "nodeType": "function",
          "props": Object {
            "activeClassName": "active",
            "ariaCurrent": "true",
            "children": <button
              className="location-btn"
              onClick={[Function]}
>
              Newton Grove, NC
</button>,
            "to": "/cuisine",
          },
          "ref": null,
          "rendered": Object {
            "instance": null,
            "key": "key0",
            "nodeType": "host",
            "props": Object {
              "children": "Newton Grove, NC",
              "className": "location-btn",
              "onClick": [Function],
            },
            "ref": null,
            "rendered": "Newton Grove, NC",
            "type": "button",
          },
          "type": [Function],
        },
        Object {
          "instance": null,
          "key": "nav1",
          "nodeType": "function",
          "props": Object {
            "activeClassName": "active",
            "ariaCurrent": "true",
            "children": <button
              className="location-btn"
              onClick={[Function]}
>
              Newton, IL
</button>,
            "to": "/cuisine",
          },
          "ref": null,
          "rendered": Object {
            "instance": null,
            "key": "key1",
            "nodeType": "host",
            "props": Object {
              "children": "Newton, IL",
              "className": "location-btn",
              "onClick": [Function],
            },
            "ref": null,
            "rendered": "Newton, IL",
            "type": "button",
          },
          "type": [Function],
        },
        Object {
          "instance": null,
          "key": "nav2",
          "nodeType": "function",
          "props": Object {
            "activeClassName": "active",
            "ariaCurrent": "true",
            "children": <button
              className="location-btn"
              onClick={[Function]}
>
              Newton, MS
</button>,
            "to": "/cuisine",
          },
          "ref": null,
          "rendered": Object {
            "instance": null,
            "key": "key2",
            "nodeType": "host",
            "props": Object {
              "children": "Newton, MS",
              "className": "location-btn",
              "onClick": [Function],
            },
            "ref": null,
            "rendered": "Newton, MS",
            "type": "button",
          },
          "type": [Function],
        },
      ],
      "type": "section",
    },
  ],
  Symbol(enzyme.__options__): Object {
    "adapter": ReactSixteenAdapter {
      "options": Object {
        "enableComponentDidUpdateOnSetState": true,
      },
    },
  },
}
`;
